// Jest Snapshot v1, https://goo.gl/fbAQLP

exports[`APM API tests basic apm_8.0.0 Error groups primary statistics when data is loaded returns the correct data 1`] = `
Object {
  "error_groups": Array [
    Object {
      "group_id": "051f95eabf120ebe2f8b0399fe3e54c5",
      "last_seen": 1607437366098,
      "name": "Could not write JSON: Null return value from advice does not match primitive return type for: public abstract double co.elastic.apm.opbeans.repositories.Numbers.getRevenue(); nested exception is com.fasterxml.jackson.databind.JsonMappingException: Null return value from advice does not match primitive return type for: public abstract double co.elastic.apm.opbeans.repositories.Numbers.getRevenue() (through reference chain: co.elastic.apm.opbeans.repositories.Stats[\\"numbers\\"]->com.sun.proxy.$Proxy132[\\"revenue\\"])",
      "occurrences": 5,
    },
    Object {
      "group_id": "3bb34b98031a19c277bf59c3db82d3f3",
      "last_seen": 1607436860546,
      "name": "java.io.IOException: Connection reset by peer",
      "occurrences": 3,
    },
    Object {
      "group_id": "b1c3ff13ec52de11187facf9c6a82538",
      "last_seen": 1607437482385,
      "name": "java.io.IOException: Connection reset by peer",
      "occurrences": 2,
    },
    Object {
      "group_id": "9581687a53eac06aba50ba17cbd959c5",
      "last_seen": 1607437468244,
      "name": "Could not write JSON: Unable to find co.elastic.apm.opbeans.model.Customer with id 7173; nested exception is com.fasterxml.jackson.databind.JsonMappingException: Unable to find co.elastic.apm.opbeans.model.Customer with id 7173 (through reference chain: co.elastic.apm.opbeans.model.Customer_$$_jvst101_3[\\"email\\"])",
      "occurrences": 1,
    },
    Object {
      "group_id": "97c2eef51fec10d177ade955670a2f15",
      "last_seen": 1607437475563,
      "name": "Request method 'POST' not supported",
      "occurrences": 1,
    },
  ],
  "is_aggregation_accurate": true,
}
`;
