// Jest Snapshot v1, https://goo.gl/fbAQLP

exports[`trace queries fetches a trace 1`] = `
Object {
  "apm": Object {
    "events": Array [
      "span",
      "transaction",
    ],
  },
  "body": Object {
    "query": Object {
      "bool": Object {
        "filter": Array [
          Object {
            "term": Object {
              "trace.id": "foo",
            },
          },
          Object {
            "range": Object {
              "@timestamp": Object {
                "format": "epoch_millis",
                "gte": 0,
                "lte": 50000,
              },
            },
          },
        ],
        "should": Object {
          "exists": Object {
            "field": "parent.id",
          },
        },
      },
    },
    "size": 1000,
    "sort": Array [
      Object {
        "_score": Object {
          "order": "asc",
        },
      },
      Object {
        "transaction.duration.us": Object {
          "order": "desc",
        },
      },
      Object {
        "span.duration.us": Object {
          "order": "desc",
        },
      },
    ],
    "track_total_hits": 1001,
  },
}
`;
